[+] Building 26.6s (41/41) FINISHED                                                                                                                                      
 => [internal] load local bake definitions                                                                                                                          0.0s
 => => reading from stdin 1.43kB                                                                                                                                    0.0s
 => [server internal] load build definition from Dockerfile                                                                                                         0.0s
 => => transferring dockerfile: 459B                                                                                                                                0.0s
 => [simulator internal] load build definition from Dockerfile                                                                                                      0.0s
 => => transferring dockerfile: 408B                                                                                                                                0.0s
 => [ui internal] load build definition from Dockerfile                                                                                                             0.0s
 => => transferring dockerfile: 312B                                                                                                                                0.0s
 => [server internal] load metadata for docker.io/library/python:3.12-slim                                                                                          2.5s
 => [ui internal] load metadata for docker.io/library/nginx:alpine                                                                                                  2.7s
 => [ui internal] load metadata for docker.io/library/node:20-alpine                                                                                                2.5s
 => [auth] library/python:pull token for registry-1.docker.io                                                                                                       0.0s
 => [auth] library/nginx:pull token for registry-1.docker.io                                                                                                        0.0s
 => [auth] library/node:pull token for registry-1.docker.io                                                                                                         0.0s
 => [server internal] load .dockerignore                                                                                                                            0.0s
 => => transferring context: 2B                                                                                                                                     0.0s
 => [simulator 1/7] FROM docker.io/library/python:3.12-slim@sha256:804ddf3251a60bbf9c92e73b7566c40428d54d0e79d3428194edf40da6521286                                 0.0s
 => => resolve docker.io/library/python:3.12-slim@sha256:804ddf3251a60bbf9c92e73b7566c40428d54d0e79d3428194edf40da6521286                                           0.0s
 => [server internal] load build context                                                                                                                            0.0s
 => => transferring context: 983B                                                                                                                                   0.0s
 => [simulator internal] load build context                                                                                                                         0.0s
 => => transferring context: 12.35kB                                                                                                                                0.0s
 => CACHED [server 2/7] WORKDIR /app                                                                                                                                0.0s
 => [simulator 3/6] COPY simulator/ simulator/                                                                                                                      0.0s
 => CACHED [server 3/7] COPY server/ server/                                                                                                                        0.0s
 => CACHED [server 4/7] COPY collector/ collector/                                                                                                                  0.0s
 => CACHED [server 5/7] COPY simulator/__init__.py simulator/__init__.py                                                                                            0.0s
 => CACHED [server 6/7] COPY simulator/constants.py simulator/constants.py                                                                                          0.0s
 => CACHED [server 7/7] RUN pip install --no-cache-dir -r server/requirements.txt -r collector/requirements.txt                                                     0.0s
 => [server] exporting to image                                                                                                                                     0.0s
 => => exporting layers                                                                                                                                             0.0s
 => => exporting manifest sha256:3b60a04d2e73a2b5fa47ecc5f506ccdde39c1802fc68b66db57a3d706e0c981f                                                                   0.0s
 => => exporting config sha256:9519ebc07d7d5bce00502509f88256194b3ce8bf6343c6c9350ddecbba7c4ef8                                                                     0.0s
 => => exporting attestation manifest sha256:b71789dc73973bc58b619952042ad8d7c8a731f333bd1b09b49370f6ca4f382b                                                       0.0s
 => => exporting manifest list sha256:ac2ed80cc96d8ff5fc7855a44629e83dc1fcb8b895fb9856051786cc16f95254                                                              0.0s
 => => naming to docker.io/library/topologymaps-server:latest                                                                                                       0.0s
 => => unpacking to docker.io/library/topologymaps-server:latest                                                                                                    0.0s
 => [simulator 4/6] COPY server/models.py server/models.py                                                                                                          0.0s
 => [simulator 5/6] COPY server/__init__.py server/__init__.py                                                                                                      0.0s
 => [simulator 6/6] RUN pip install --no-cache-dir -r simulator/requirements.txt                                                                                   22.3s
 => [server] resolving provenance for metadata file                                                                                                                 0.0s
 => [ui internal] load .dockerignore                                                                                                                                0.0s
 => => transferring context: 63B                                                                                                                                    0.0s
 => [ui build 1/6] FROM docker.io/library/node:20-alpine@sha256:f598378b5240225e6beab68fa9f356db1fb8efe55173e6d4d8153113bb8f333c                                    0.0s
 => => resolve docker.io/library/node:20-alpine@sha256:f598378b5240225e6beab68fa9f356db1fb8efe55173e6d4d8153113bb8f333c                                             0.0s
 => [ui internal] load build context                                                                                                                                0.0s
 => => transferring context: 1.16kB                                                                                                                                 0.0s
 => [ui stage-1 1/3] FROM docker.io/library/nginx:alpine@sha256:582c496ccf79d8aa6f8203a79d32aaf7ffd8b13362c60a701a2f9ac64886c93d                                    0.0s
 => => resolve docker.io/library/nginx:alpine@sha256:582c496ccf79d8aa6f8203a79d32aaf7ffd8b13362c60a701a2f9ac64886c93d                                               0.0s
 => CACHED [ui build 2/6] WORKDIR /app                                                                                                                              0.0s
 => CACHED [ui build 3/6] COPY package.json package-lock.json ./                                                                                                    0.0s
 => CACHED [ui build 4/6] RUN npm ci                                                                                                                                0.0s
 => CACHED [ui build 5/6] COPY . .                                                                                                                                  0.0s
 => CACHED [ui build 6/6] RUN npm run build                                                                                                                         0.0s
 => CACHED [ui stage-1 2/3] COPY --from=build /app/dist /usr/share/nginx/html                                                                                       0.0s
 => CACHED [ui stage-1 3/3] COPY nginx.conf /etc/nginx/conf.d/default.conf                                                                                          0.0s
 => [ui] exporting to image                                                                                                                                         0.0s
 => => exporting layers                                                                                                                                             0.0s
 => => exporting manifest sha256:78dcca08e96128e0fb0928b5b4a79bf5cf8c228e4bbb7855ae9bb7587f5dd62a                                                                   0.0s
 => => exporting config sha256:eaebcf8fbdd65e465ef616350b0fb9a86d866118460ba4c8602d7b5875d5bfb1                                                                     0.0s
 => => exporting attestation manifest sha256:c7b94a4bc163584efb41e33b24c4d4e0385f041a8b12776022745a319b9410fe                                                       0.0s
 => => exporting manifest list sha256:4954c845adbd30449d24b78de1f1b6f7c7653eb43c098c602ce1859da3df3593                                                              0.0s
 => => naming to docker.io/library/topologymaps-ui:latest                                                                                                           0.0s
 => => unpacking to docker.io/library/topologymaps-ui:latest                                                                                                        0.0s
 => [ui] resolving provenance for metadata file                                                                                                                     0.0s
 => [simulator] exporting to image                                                                                                                                  1.4s
 => => exporting layers                                                                                                                                             1.1s
 => => exporting manifest sha256:ce0887101c2f1adb3402a0b5f043a89bc4981330fb3c35352a11944236d6e88c                                                                   0.0s
 => => exporting config sha256:ff3cf11e8275daf773bfaaeb776b42bad2c8eef71a05b881e8df37214c5dfb53                                                                     0.0s
 => => exporting attestation manifest sha256:6306d8f5896f4cfbb0ae77f22a4f6c47086470df88604d45900ae4065871da6d                                                       0.0s
 => => exporting manifest list sha256:6fa3518e8873f146d568a7bcaef589d8d8f2d2a559720fe6784a5a475ce1f6be                                                              0.0s
 => => naming to docker.io/library/topologymaps-simulator:latest                                                                                                    0.0s
 => => unpacking to docker.io/library/topologymaps-simulator:latest                                                                                                 0.2s
 => [simulator] resolving provenance for metadata file                                                                                                              0.0s
[+] up 6/6
 ✔ Image topologymaps-server          Built                                                                                                                         26.6s
 ✔ Image topologymaps-ui              Built                                                                                                                         26.6s
 ✔ Image topologymaps-simulator       Built                                                                                                                         26.6s
 ✔ Container topologymaps-simulator-1 Recreated                                                                                                                     0.1s
 ✔ Container topologymaps-server-1    Recreated                                                                                                                     0.0s
 ✔ Container topologymaps-ui-1        Recreated                                                                                                                     0.0s
Attaching to server-1, simulator-1, ui-1
Container topologymaps-simulator-1 Waiting 
simulator-1  | 2026-04-14 10:44:55,556 [__main__] INFO: Topology populated: 56 APs, 940 wireless clients, wired endpoints in 4 floor switches
simulator-1  | 2026-04-14 10:44:55,576 [simulator.agent] INFO: [fg-primary] SNMP agent listening on 0.0.0.0:10161
simulator-1  | 2026-04-14 10:44:55,576 [simulator.agent] INFO: [fg-standby] SNMP agent listening on 0.0.0.0:10162
simulator-1  | 2026-04-14 10:44:55,576 [simulator.agent] INFO: [core-sw] SNMP agent listening on 0.0.0.0:10163
simulator-1  | 2026-04-14 10:44:55,576 [simulator.agent] INFO: [floor-sw-1] SNMP agent listening on 0.0.0.0:10164
simulator-1  | 2026-04-14 10:44:55,576 [simulator.agent] INFO: [floor-sw-2] SNMP agent listening on 0.0.0.0:10165
simulator-1  | 2026-04-14 10:44:55,576 [simulator.agent] INFO: [floor-sw-3] SNMP agent listening on 0.0.0.0:10166
simulator-1  | 2026-04-14 10:44:55,576 [simulator.agent] INFO: [floor-sw-4] SNMP agent listening on 0.0.0.0:10167
simulator-1  | 2026-04-14 10:44:55,576 [__main__] INFO: All 7 SNMP agents started
simulator-1  | 2026-04-14 10:44:55,576 [simulator.roaming] INFO: Roaming simulator started
simulator-1  | 2026-04-14 10:44:55,577 [simulator.api] INFO: Simulator REST API started on port 8001
simulator-1  | 2026-04-14 10:45:00,520 [aiohttp.access] INFO: 127.0.0.1 [14/Apr/2026:10:45:00 +0000] "GET /health HTTP/1.1" 200 213 "-" "Python-urllib/3.12"
Container topologymaps-simulator-1 Healthy 
Container topologymaps-server-1 Waiting 
server-1     | INFO:     Started server process [1]
server-1     | INFO:     Waiting for application startup.
server-1     | INFO:     Application startup complete.
server-1     | INFO:     Uvicorn running on http://0.0.0.0:8000 (Press CTRL+C to quit)
simulator-1  | 2026-04-14 10:45:06,129 [aiohttp.access] INFO: 172.18.0.3 [14/Apr/2026:10:45:06 +0000] "GET /health HTTP/1.1" 200 194 "-" "python-httpx/0.28.1"
server-1     | INFO:     127.0.0.1:35314 - "GET /api/status HTTP/1.1" 200 OK
Container topologymaps-server-1 Healthy 
ui-1         | /docker-entrypoint.sh: /docker-entrypoint.d/ is not empty, will attempt to perform configuration
ui-1         | /docker-entrypoint.sh: Looking for shell scripts in /docker-entrypoint.d/
ui-1         | /docker-entrypoint.sh: Launching /docker-entrypoint.d/10-listen-on-ipv6-by-default.sh
ui-1         | 10-listen-on-ipv6-by-default.sh: info: Getting the checksum of /etc/nginx/conf.d/default.conf
ui-1         | 10-listen-on-ipv6-by-default.sh: info: /etc/nginx/conf.d/default.conf differs from the packaged version
ui-1         | /docker-entrypoint.sh: Sourcing /docker-entrypoint.d/15-local-resolvers.envsh
ui-1         | /docker-entrypoint.sh: Launching /docker-entrypoint.d/20-envsubst-on-templates.sh
ui-1         | /docker-entrypoint.sh: Launching /docker-entrypoint.d/30-tune-worker-processes.sh
ui-1         | /docker-entrypoint.sh: Configuration complete; ready for start up
ui-1         | 2026/04/14 10:45:06 [notice] 1#1: using the "epoll" event method
ui-1         | 2026/04/14 10:45:06 [notice] 1#1: nginx/1.29.8
ui-1         | 2026/04/14 10:45:06 [notice] 1#1: built by gcc 15.2.0 (Alpine 15.2.0) 
ui-1         | 2026/04/14 10:45:06 [notice] 1#1: OS: Linux 6.12.76-linuxkit
ui-1         | 2026/04/14 10:45:06 [notice] 1#1: getrlimit(RLIMIT_NOFILE): 1048576:1048576
ui-1         | 2026/04/14 10:45:06 [notice] 1#1: start worker processes
ui-1         | 2026/04/14 10:45:06 [notice] 1#1: start worker process 29
ui-1         | 2026/04/14 10:45:06 [notice] 1#1: start worker process 30
ui-1         | 2026/04/14 10:45:06 [notice] 1#1: start worker process 31
ui-1         | 2026/04/14 10:45:06 [notice] 1#1: start worker process 32
ui-1         | 2026/04/14 10:45:06 [notice] 1#1: start worker process 33
ui-1         | 2026/04/14 10:45:06 [notice] 1#1: start worker process 34
ui-1         | 2026/04/14 10:45:06 [notice] 1#1: start worker process 35
ui-1         | 2026/04/14 10:45:06 [notice] 1#1: start worker process 36
ui-1         | 2026/04/14 10:45:06 [notice] 1#1: start worker process 37
ui-1         | 2026/04/14 10:45:06 [notice] 1#1: start worker process 38
ui-1         | 2026/04/14 10:45:06 [notice] 1#1: start worker process 39
ui-1         | 2026/04/14 10:45:06 [notice] 1#1: start worker process 40
ui-1         | 2026/04/14 10:45:06 [notice] 1#1: start worker process 41
ui-1         | 2026/04/14 10:45:06 [notice] 1#1: start worker process 42
simulator-1  | 2026-04-14 10:45:10,580 [aiohttp.access] INFO: 127.0.0.1 [14/Apr/2026:10:45:10 +0000] "GET /health HTTP/1.1" 200 213 "-" "Python-urllib/3.12"
simulator-1  | 2026-04-14 10:45:16,223 [aiohttp.access] INFO: 172.18.0.3 [14/Apr/2026:10:45:16 +0000] "GET /health HTTP/1.1" 200 194 "-" "python-httpx/0.28.1"
server-1     | INFO:     127.0.0.1:54144 - "GET /api/status HTTP/1.1" 200 OK
ui-1         | 151.101.128.223 - - [14/Apr/2026:10:45:16 +0000] "GET / HTTP/1.1" 200 412 "-" "Mozilla/5.0 (Macintosh; Intel Mac OS X 10_15_7) AppleWebKit/537.36 (KHTML, like Gecko) Chrome/147.0.0.0 Safari/537.36" "-"
ui-1         | 151.101.128.223 - - [14/Apr/2026:10:45:16 +0000] "GET /assets/index-DAiw9oCU.js HTTP/1.1" 200 367208 "http://localhost:5173/" "Mozilla/5.0 (Macintosh; Intel Mac OS X 10_15_7) AppleWebKit/537.36 (KHTML, like Gecko) Chrome/147.0.0.0 Safari/537.36" "-"
ui-1         | 151.101.128.223 - - [14/Apr/2026:10:45:16 +0000] "GET /assets/index-BKgBRKq7.css HTTP/1.1" 200 25111 "http://localhost:5173/" "Mozilla/5.0 (Macintosh; Intel Mac OS X 10_15_7) AppleWebKit/537.36 (KHTML, like Gecko) Chrome/147.0.0.0 Safari/537.36" "-"
ui-1         | 151.101.128.223 - - [14/Apr/2026:10:45:17 +0000] "GET /favicon.ico HTTP/1.1" 200 412 "http://localhost:5173/" "Mozilla/5.0 (Macintosh; Intel Mac OS X 10_15_7) AppleWebKit/537.36 (KHTML, like Gecko) Chrome/147.0.0.0 Safari/537.36" "-"
server-1     | INFO:     172.18.0.4:53494 - "GET /api/topology/l2 HTTP/1.1" 200 OK
server-1     | INFO:     172.18.0.4:53506 - "GET /api/topology/l3 HTTP/1.1" 200 OK
ui-1         | 151.101.128.223 - - [14/Apr/2026:10:45:17 +0000] "GET /api/topology/l3 HTTP/1.1" 200 2043 "http://localhost:5173/" "Mozilla/5.0 (Macintosh; Intel Mac OS X 10_15_7) AppleWebKit/537.36 (KHTML, like Gecko) Chrome/147.0.0.0 Safari/537.36" "-"
server-1     | INFO:     ('172.18.0.4', 53518) - "WebSocket /ws/topology" [accepted]
server-1     | INFO:     connection open
ui-1         | 151.101.128.223 - - [14/Apr/2026:10:45:17 +0000] "GET /api/topology/l2 HTTP/1.1" 200 457985 "http://localhost:5173/" "Mozilla/5.0 (Macintosh; Intel Mac OS X 10_15_7) AppleWebKit/537.36 (KHTML, like Gecko) Chrome/147.0.0.0 Safari/537.36" "-"
simulator-1  | 2026-04-14 10:45:20,643 [aiohttp.access] INFO: 127.0.0.1 [14/Apr/2026:10:45:20 +0000] "GET /health HTTP/1.1" 200 213 "-" "Python-urllib/3.12"
simulator-1  | 2026-04-14 10:45:26,305 [aiohttp.access] INFO: 172.18.0.3 [14/Apr/2026:10:45:26 +0000] "GET /health HTTP/1.1" 200 194 "-" "python-httpx/0.28.1"
server-1     | INFO:     127.0.0.1:50002 - "GET /api/status HTTP/1.1" 200 OK
simulator-1  | 2026-04-14 10:45:30,695 [aiohttp.access] INFO: 127.0.0.1 [14/Apr/2026:10:45:30 +0000] "GET /health HTTP/1.1" 200 213 "-" "Python-urllib/3.12"
simulator-1  | 2026-04-14 10:45:36,372 [aiohttp.access] INFO: 172.18.0.3 [14/Apr/2026:10:45:36 +0000] "GET /health HTTP/1.1" 200 194 "-" "python-httpx/0.28.1"
server-1     | INFO:     127.0.0.1:41808 - "GET /api/status HTTP/1.1" 200 OK
simulator-1  | 2026-04-14 10:45:40,784 [aiohttp.access] INFO: 127.0.0.1 [14/Apr/2026:10:45:40 +0000] "GET /health HTTP/1.1" 200 213 "-" "Python-urllib/3.12"
simulator-1  | 2026-04-14 10:45:46,443 [aiohttp.access] INFO: 172.18.0.3 [14/Apr/2026:10:45:46 +0000] "GET /health HTTP/1.1" 200 194 "-" "python-httpx/0.28.1"
server-1     | INFO:     127.0.0.1:53856 - "GET /api/status HTTP/1.1" 200 OK
simulator-1  | 2026-04-14 10:45:50,872 [aiohttp.access] INFO: 127.0.0.1 [14/Apr/2026:10:45:50 +0000] "GET /health HTTP/1.1" 200 213 "-" "Python-urllib/3.12"
simulator-1  | 2026-04-14 10:45:56,507 [aiohttp.access] INFO: 172.18.0.3 [14/Apr/2026:10:45:56 +0000] "GET /health HTTP/1.1" 200 194 "-" "python-httpx/0.28.1"
server-1     | INFO:     127.0.0.1:34732 - "GET /api/status HTTP/1.1" 200 OK
simulator-1  | 2026-04-14 10:46:00,964 [aiohttp.access] INFO: 127.0.0.1 [14/Apr/2026:10:46:00 +0000] "GET /health HTTP/1.1" 200 213 "-" "Python-urllib/3.12"
simulator-1  | 2026-04-14 10:46:06,572 [aiohttp.access] INFO: 172.18.0.3 [14/Apr/2026:10:46:06 +0000] "GET /health HTTP/1.1" 200 194 "-" "python-httpx/0.28.1"
server-1     | INFO:     127.0.0.1:52244 - "GET /api/status HTTP/1.1" 200 OK
simulator-1  | 2026-04-14 10:46:11,048 [aiohttp.access] INFO: 127.0.0.1 [14/Apr/2026:10:46:11 +0000] "GET /health HTTP/1.1" 200 213 "-" "Python-urllib/3.12"
simulator-1  | 2026-04-14 10:46:16,664 [aiohttp.access] INFO: 172.18.0.3 [14/Apr/2026:10:46:16 +0000] "GET /health HTTP/1.1" 200 194 "-" "python-httpx/0.28.1"
server-1     | INFO:     127.0.0.1:42152 - "GET /api/status HTTP/1.1" 200 OK
simulator-1  | 2026-04-14 10:46:21,110 [aiohttp.access] INFO: 127.0.0.1 [14/Apr/2026:10:46:21 +0000] "GET /health HTTP/1.1" 200 213 "-" "Python-urllib/3.12"
simulator-1  | 2026-04-14 10:46:26,756 [aiohttp.access] INFO: 172.18.0.3 [14/Apr/2026:10:46:26 +0000] "GET /health HTTP/1.1" 200 194 "-" "python-httpx/0.28.1"
server-1     | INFO:     127.0.0.1:37416 - "GET /api/status HTTP/1.1" 200 OK
simulator-1  | 2026-04-14 10:46:31,172 [aiohttp.access] INFO: 127.0.0.1 [14/Apr/2026:10:46:31 +0000] "GET /health HTTP/1.1" 200 213 "-" "Python-urllib/3.12"
simulator-1  | 2026-04-14 10:46:36,851 [aiohttp.access] INFO: 172.18.0.3 [14/Apr/2026:10:46:36 +0000] "GET /health HTTP/1.1" 200 194 "-" "python-httpx/0.28.1"
server-1     | INFO:     127.0.0.1:48408 - "GET /api/status HTTP/1.1" 200 OK
simulator-1  | 2026-04-14 10:46:41,229 [aiohttp.access] INFO: 127.0.0.1 [14/Apr/2026:10:46:41 +0000] "GET /health HTTP/1.1" 200 213 "-" "Python-urllib/3.12"
simulator-1  | 2026-04-14 10:46:46,945 [aiohttp.access] INFO: 172.18.0.3 [14/Apr/2026:10:46:46 +0000] "GET /health HTTP/1.1" 200 194 "-" "python-httpx/0.28.1"
server-1     | INFO:     127.0.0.1:40292 - "GET /api/status HTTP/1.1" 200 OK
simulator-1  | 2026-04-14 10:46:51,316 [aiohttp.access] INFO: 127.0.0.1 [14/Apr/2026:10:46:51 +0000] "GET /health HTTP/1.1" 200 213 "-" "Python-urllib/3.12"
simulator-1  | 2026-04-14 10:46:57,011 [aiohttp.access] INFO: 172.18.0.3 [14/Apr/2026:10:46:57 +0000] "GET /health HTTP/1.1" 200 194 "-" "python-httpx/0.28.1"
server-1     | INFO:     127.0.0.1:57870 - "GET /api/status HTTP/1.1" 200 OK
simulator-1  | 2026-04-14 10:47:01,403 [aiohttp.access] INFO: 127.0.0.1 [14/Apr/2026:10:47:01 +0000] "GET /health HTTP/1.1" 200 213 "-" "Python-urllib/3.12"
simulator-1  | 2026-04-14 10:47:07,070 [aiohttp.access] INFO: 172.18.0.3 [14/Apr/2026:10:47:07 +0000] "GET /health HTTP/1.1" 200 194 "-" "python-httpx/0.28.1"
server-1     | INFO:     127.0.0.1:53914 - "GET /api/status HTTP/1.1" 200 OK
Gracefully Stopping... press Ctrl+C again to force
Container topologymaps-ui-1 Stopping 
ui-1         | 2026/04/14 10:47:09 [notice] 1#1: signal 3 (SIGQUIT) received, shutting down
ui-1         | 2026/04/14 10:47:09 [notice] 29#29: gracefully shutting down
ui-1         | 2026/04/14 10:47:09 [notice] 30#30: gracefully shutting down
ui-1         | 2026/04/14 10:47:09 [notice] 31#31: gracefully shutting down
ui-1         | 2026/04/14 10:47:09 [notice] 34#34: gracefully shutting down
ui-1         | 2026/04/14 10:47:09 [notice] 32#32: gracefully shutting down
ui-1         | 2026/04/14 10:47:09 [notice] 33#33: gracefully shutting down
ui-1         | 2026/04/14 10:47:09 [notice] 37#37: gracefully shutting down
ui-1         | 2026/04/14 10:47:09 [notice] 35#35: gracefully shutting down
ui-1         | 2026/04/14 10:47:09 [notice] 34#34: exiting
ui-1         | 2026/04/14 10:47:09 [notice] 29#29: exiting
ui-1         | 2026/04/14 10:47:09 [notice] 31#31: exiting
ui-1         | 2026/04/14 10:47:09 [notice] 32#32: exiting
ui-1         | 2026/04/14 10:47:09 [notice] 39#39: gracefully shutting down
ui-1         | 2026/04/14 10:47:09 [notice] 35#35: exiting
ui-1         | 2026/04/14 10:47:09 [notice] 33#33: exiting
ui-1         | 2026/04/14 10:47:09 [notice] 37#37: exiting
ui-1         | 2026/04/14 10:47:09 [notice] 31#31: exit
ui-1         | 2026/04/14 10:47:09 [notice] 29#29: exit
ui-1         | 2026/04/14 10:47:09 [notice] 34#34: exit
ui-1         | 2026/04/14 10:47:09 [notice] 39#39: exiting
ui-1         | 2026/04/14 10:47:09 [notice] 36#36: gracefully shutting down
ui-1         | 2026/04/14 10:47:09 [notice] 36#36: exiting
ui-1         | 2026/04/14 10:47:09 [notice] 35#35: exit
ui-1         | 2026/04/14 10:47:09 [notice] 40#40: gracefully shutting down
ui-1         | 2026/04/14 10:47:09 [notice] 41#41: gracefully shutting down
ui-1         | 2026/04/14 10:47:09 [notice] 38#38: gracefully shutting down
ui-1         | 2026/04/14 10:47:09 [notice] 41#41: exiting
ui-1         | 2026/04/14 10:47:09 [notice] 40#40: exiting
ui-1         | 2026/04/14 10:47:09 [notice] 42#42: gracefully shutting down
ui-1         | 2026/04/14 10:47:09 [notice] 39#39: exit
ui-1         | 2026/04/14 10:47:09 [notice] 42#42: exiting
ui-1         | 2026/04/14 10:47:09 [notice] 38#38: exiting
ui-1         | 2026/04/14 10:47:09 [notice] 36#36: exit
ui-1         | 2026/04/14 10:47:09 [notice] 41#41: exit
ui-1         | 2026/04/14 10:47:09 [notice] 40#40: exit
ui-1         | 2026/04/14 10:47:09 [notice] 38#38: exit
ui-1         | 2026/04/14 10:47:09 [notice] 42#42: exit
ui-1         | 2026/04/14 10:47:09 [notice] 32#32: exit
ui-1         | 2026/04/14 10:47:09 [notice] 37#37: exit
ui-1         | 2026/04/14 10:47:09 [notice] 33#33: exit
ui-1         | 2026/04/14 10:47:09 [notice] 1#1: signal 17 (SIGCHLD) received from 39
ui-1         | 2026/04/14 10:47:09 [notice] 1#1: worker process 32 exited with code 0
ui-1         | 2026/04/14 10:47:09 [notice] 1#1: worker process 39 exited with code 0
ui-1         | 2026/04/14 10:47:09 [notice] 1#1: worker process 42 exited with code 0
ui-1         | 2026/04/14 10:47:09 [notice] 1#1: signal 29 (SIGIO) received
ui-1         | 2026/04/14 10:47:09 [notice] 1#1: signal 17 (SIGCHLD) received from 31
ui-1         | 2026/04/14 10:47:09 [notice] 1#1: worker process 31 exited with code 0
ui-1         | 2026/04/14 10:47:09 [notice] 1#1: signal 29 (SIGIO) received
ui-1         | 2026/04/14 10:47:09 [notice] 1#1: signal 17 (SIGCHLD) received from 40
ui-1         | 2026/04/14 10:47:09 [notice] 1#1: worker process 35 exited with code 0
ui-1         | 2026/04/14 10:47:09 [notice] 1#1: worker process 40 exited with code 0
ui-1         | 2026/04/14 10:47:09 [notice] 1#1: signal 29 (SIGIO) received
ui-1         | 2026/04/14 10:47:09 [notice] 1#1: signal 17 (SIGCHLD) received from 29
ui-1         | 2026/04/14 10:47:09 [notice] 1#1: worker process 29 exited with code 0
ui-1         | 2026/04/14 10:47:09 [notice] 1#1: signal 29 (SIGIO) received
ui-1         | 2026/04/14 10:47:09 [notice] 1#1: signal 17 (SIGCHLD) received from 41
ui-1         | 2026/04/14 10:47:09 [notice] 1#1: worker process 41 exited with code 0
ui-1         | 2026/04/14 10:47:09 [notice] 1#1: signal 29 (SIGIO) received
ui-1         | 2026/04/14 10:47:09 [notice] 1#1: signal 17 (SIGCHLD) received from 38
ui-1         | 2026/04/14 10:47:09 [notice] 1#1: worker process 38 exited with code 0
ui-1         | 2026/04/14 10:47:09 [notice] 1#1: signal 29 (SIGIO) received
ui-1         | 2026/04/14 10:47:09 [notice] 1#1: signal 17 (SIGCHLD) received from 37
ui-1         | 2026/04/14 10:47:09 [notice] 1#1: worker process 37 exited with code 0
ui-1         | 2026/04/14 10:47:09 [notice] 1#1: signal 29 (SIGIO) received
ui-1         | 2026/04/14 10:47:09 [notice] 1#1: signal 17 (SIGCHLD) received from 33
ui-1         | 2026/04/14 10:47:09 [notice] 1#1: worker process 33 exited with code 0
ui-1         | 2026/04/14 10:47:09 [notice] 1#1: signal 29 (SIGIO) received
ui-1         | 2026/04/14 10:47:09 [notice] 1#1: signal 17 (SIGCHLD) received from 34
ui-1         | 2026/04/14 10:47:09 [notice] 1#1: worker process 34 exited with code 0
ui-1         | 2026/04/14 10:47:09 [notice] 1#1: signal 29 (SIGIO) received
ui-1         | 2026/04/14 10:47:09 [notice] 1#1: signal 17 (SIGCHLD) received from 36
ui-1         | 2026/04/14 10:47:09 [notice] 1#1: worker process 36 exited with code 0
ui-1         | 2026/04/14 10:47:09 [notice] 1#1: signal 29 (SIGIO) received
server-1     | INFO:     connection closed
Container topologymaps-ui-1 Stopped 
Container topologymaps-server-1 Stopping 
ui-1 exited with code 137
server-1     | INFO:     Shutting down
server-1     | INFO:     Waiting for application shutdown.
server-1     | INFO:     Application shutdown complete.
server-1     | INFO:     Finished server process [1]
Container topologymaps-server-1 Stopped 
Container topologymaps-simulator-1 Stopping 
server-1 exited with code 0
simulator-1  | 2026-04-14 10:47:10,881 [__main__] INFO: Shutdown signal received
simulator-1  | 2026-04-14 10:47:10,881 [simulator.api] INFO: Simulator REST API stopped
simulator-1  | 2026-04-14 10:47:10,882 [simulator.roaming] INFO: Roaming simulator stopped
simulator-1  | 2026-04-14 10:47:10,882 [__main__] INFO: Stopping all SNMP agents...
simulator-1  | 2026-04-14 10:47:10,882 [simulator.agent] INFO: [fg-primary] SNMP agent stopped
simulator-1  | 2026-04-14 10:47:10,882 [simulator.agent] INFO: [fg-standby] SNMP agent stopped
simulator-1  | 2026-04-14 10:47:10,882 [simulator.agent] INFO: [core-sw] SNMP agent stopped
simulator-1  | 2026-04-14 10:47:10,882 [simulator.agent] INFO: [floor-sw-1] SNMP agent stopped
simulator-1  | 2026-04-14 10:47:10,882 [simulator.agent] INFO: [floor-sw-2] SNMP agent stopped
simulator-1  | 2026-04-14 10:47:10,882 [simulator.agent] INFO: [floor-sw-3] SNMP agent stopped
simulator-1  | 2026-04-14 10:47:10,882 [simulator.agent] INFO: [floor-sw-4] SNMP agent stopped
simulator-1  | 2026-04-14 10:47:10,882 [__main__] INFO: All agents stopped
Container topologymaps-simulator-1 Stopped 
simulator-1 exited with code 0
